Describe Your Agent

What should your custom agent do? Some ideas:
  • Review CSS for a11y issues
  • Generate API docs from code
  • Validate DB migrations

┃   1 review CSS for accessibility      
┃     issues                            
┃                                       
┃                                       
┃                                       
┃                                       

tab: continue (enter adds a new line)

  Back

type your description • ctrl+enter or tab to continue • esc: back