Select SDD Phase

Insert after which phase? (your new phase will follow it)

▸ Insert after: explore
  Insert after: propose
  Insert after: spec
  Insert after: design
  Insert after: tasks
  Insert after: apply
  Insert after: verify
  Insert after: archive
  Back

j/k: navigate • enter: select • esc: back