Select Skills

Toggle skills with enter or space. All are pre-selected by default.

Foundation Skills
▸ [ ] Go Testing
  [x] Skill Creator
  [x] Skill Improver
  [x] Branch & PR
  [x] Issue Creation
  [x] Skill Registry
  [x] Chained PR
  [x] Cognitive Doc
  [x] Comment Writer
  [x] Work Unit Commits

  Continue
  Back

j/k: navigate • space/enter: toggle • esc: back