Review and Confirm

  Agents  claude-code, opencode, kilocode, gemini-cli, codex, cursor, vscode-copilot, antigravity, windsurf, kimi, qwen-code, kiro-ide, openclaw, pi, trae-ide
  Persona  selops-operator
  Preset  selops-operational

Components
  context7 selected
  engram selected
  selops-operationalmcp selected
  selops-operator selected
  selops-sddops selected

▸ Install
  Back

enter: install • esc: back