Choose your Persona

Your own Gentleman! teaches before it solves.

▸ ( ) gentleman
    Managed Gentleman persona with teaching-first guidance
  ( ) neutral
    Managed neutral persona with the same guidance and less regional tone
  ( ) custom
    Keep your existing persona unmanaged; gentle-ai does not inject a persona

  Back

j/k: navigate • enter: select • esc: back