Select AI Agents

Use j/k to move, space to toggle, enter to continue.

▸ [x] claude-code
  [x] opencode
  [x] kilocode
  [x] gemini-cli
  [x] codex
  [x] cursor
  [x] vscode-copilot
  [x] antigravity
  [x] windsurf
  [x] kimi
  [x] qwen-code
  [x] kiro-ide
  [x] openclaw
  [x] pi
  [x] trae-ide

  Continue
  Back

space: toggle • enter: confirm • esc: back