╔════════════════════════════════════════════════════╗
║                                                    ║
║               ⣠⣾⣷⣶⣦⣤⣤⣄⣠⣄⣀  ⢀⣀⣀                     ║
║            ⢀⣴⣿⣿⠿⣋⣭⣭⣯⣭⣍⣭⣿⣟⠛⠛⠿⠿⣿⣷⣄                   ║
║        ⢀⣴⣾⡟⢻⣿⡟⠁⣼⣿⠏⣵⢻⣿⣻⣿⣿⢿⡻⣿⣿⣶⡌⢿⣿⣷⣦⣤⡄               ║
║     ⣤⣶⣾⣿⣿⠏ ⠈⢿⣄ ⢹⣏⠠⠟⣾⣿⣿⣿⣿⣿⠷⣏⣼⠟⢡⣿⡟⠋⢻⣿⣿⡄              ║
║     ⠈⣿⣿⣿⣿⡆   ⣽⢧⡘⠈⠳⣦⣍⠛⠛⢦⣉⣴⣛⣫⣭⣴⡟⠋  ⣾⣿⣿⡿              ║
║     ⢀⠹⣿⣿⣿⣷⣤⡄ ⠋ ⠙⢆ ⣠⠴⠟⠛⣛⣛⣛⠟⠋⠁⠺⡇ ⣀⣴⣿⣿⡟⠁              ║
║     ⠈⣀⠈⠛⠷⠿⣿⣿⣷⣤⣀ ⢠⠋   ⠈⠉⠉    ⣠⣴⣥⠾⠛⠉⣰⣿⣷              ║
║            ⠹⣯⣝⠛⠛⠷⢶⣤⣤⣀   ⢀⡠⠖⠋⠉⢉⣀⣀⣴⣾⣿⠿⠟⠃ ⠠⠦          ║
║  ⠁       ⠖  ⠘⠻⢿⣦⣄⡀  ⠉⠛⢦⠠⢊⠤⠴⢒⣛⣛⣩⣽⡿⠟⠁⢀⡀              ║
║  ⠲⠶⣦⠴⠶⠶⠶⠶⡶⠶⢶⣤⣄⡀⠨⠭⠽⠟⣓⢦⣀⠈⢇⡥⠖⠛⠋⠉⠉⠉    ⠈  ⢠⡤           ║
║    ⠈⢷ ⠐⠂⢤⣽⣄ ⠰⡎⠙⠳⣄⡀ ⠈⢣⠘⢦⠋⣀⡬⠟⠛⠛⠉⢀⣀⣀⣠⡤⠄⠃              ║
║     ⠈⢳⣀⡒⠉⠉⣉⠙⡲⣽⣄ ⣏⠳⡄ ⠘⡇ ⡾⠁ ⢀⡤⠖⣻⣿⡏⢡⡎ ⠰⠄              ║
║       ⠛⠻⢦⣄⣉⡁⣀⣀⣈⣙⣺⣌⡇⢠⢀⡇⡾  ⣴⣿⡷⠊ ⢲⣠⠟                  ║
║            ⠈⠉    ⠈⠳⡄⣸⢱⠇⢀⣰⣯⣭⣥⠭⠾⠛⠃                   ║
║                    ⡷⠡⡯⢖⠉   ⢠⠤                      ║
║                  ⡠⢊⡴⠤⠂⠃ ⠒                          ║
║               ⢀⡴⢪⠔⣉⠔⠋                              ║
║                 ⠐⠈                                 ║
║                                                    ║
║  Gentle-AI dev — Ecosystem, Frameworks, Workflows  ║
║                                                    ║
║  Menu                                              ║
║                                                    ║
║  ▸ Start installation                              ║
║    Upgrade tools                                   ║
║    Sync configs                                    ║
║    Upgrade + Sync                                  ║
║    Configure models                                ║
║    Create your own Agent                           ║
║    OpenCode Community Plugins                      ║
║    Manage backups                                  ║
║    Managed uninstall                               ║
║    Quit                                            ║
║                                                    ║
║  j/k: navigate • enter: select • q: quit           ║
║                                                    ║
╚════════════════════════════════════════════════════╝