╔════════════════════════════════════════════════════════════════════════════╗
║                                                                            ║
║  ╔══════════════════════════════════════════════════════════════════════╗  ║
║  ║                                                                      ║  ║
║  ║          ███████╗███████╗██╗      ██████╗ ██████╗ ███████╗           ║  ║
║  ║          ██╔════╝██╔════╝██║     ██╔═══██╗██╔══██╗██╔════╝           ║  ║
║  ║          ███████╗█████╗  ██║     ██║   ██║██████╔╝███████╗           ║  ║
║  ║          ╚════██║██╔══╝  ██║     ██║   ██║██╔═══╝ ╚════██║           ║  ║
║  ║          ███████║███████╗███████╗╚██████╔╝██║     ███████║           ║  ║
║  ║          ╚══════╝╚══════╝╚══════╝ ╚═════╝ ╚═╝     ╚══════╝           ║  ║
║  ║                                                                      ║  ║
║  ║       AI Engineering · Company Operations · Production Systems       ║  ║
║  ║                                                                      ║  ║
║  ╚══════════════════════════════════════════════════════════════════════╝  ║
║                                                                            ║
║  SelOps dev — Your AI operations engineer                                  ║
║  On shift. Risk gates armed. Let's keep prod boring.                       ║
║                                                                            ║
║  Menu                                                                      ║
║                                                                            ║
║  ▸ Start installation                                                      ║
║    Upgrade tools                                                           ║
║    Sync configs                                                            ║
║    Upgrade + Sync                                                          ║
║    Configure models                                                        ║
║    Create your own Agent                                                   ║
║    OpenCode Community Plugins                                              ║
║    Manage backups                                                          ║
║    Managed uninstall                                                       ║
║    Quit                                                                    ║
║                                                                            ║
║  j/k: navigate • enter: select • q: quit                                   ║
║                                                                            ║
╚════════════════════════════════════════════════════════════════════════════╝