Select Skills

Toggle skills with enter or space. All are pre-selected by default.

Foundation Skills
▸ [ ] Go Testing
  [ ] Skill Creator
  [ ] Skill Improver
  [ ] Branch & PR
  [ ] Issue Creation
  [ ] Skill Registry
  [ ] Chained PR
  [ ] Cognitive Doc
  [ ] Comment Writer
  [ ] Work Unit Commits

  Continue
  Back

j/k: navigate • space/enter: toggle • esc: back