╔════════════════════════════════════════════════════════════════════════╗
║                                                                        ║
║  Create SDD Profile                                                    ║
║                                                                        ║
║  Profile name:                                                         ║
║  Use lowercase alphanumeric characters and hyphens only (slug format)  ║
║                                                                        ║
║    > |                                                                 ║
║                                                                        ║
║  enter: next • esc: back                                               ║
║                                                                        ║
╚════════════════════════════════════════════════════════════════════════╝