╔═══════════════════════════════════════════════════════════════════════════════════════════════════════╗
║                                                                                                       ║
║  OpenCode SDD Profiles                                                                                ║
║                                                                                                       ║
║  Your SDD model profiles for OpenCode. Each profile creates its own orchestrator (visible with Tab).  ║
║                                                                                                       ║
║  No named profiles yet. Create one to assign different models per profile.                            ║
║                                                                                                       ║
║  ▸ Create new profile                                                                                 ║
║    Back                                                                                               ║
║                                                                                                       ║
║  j/k: navigate • enter: edit • n: new • d: delete • esc: back                                         ║
║                                                                                                       ║
╚═══════════════════════════════════════════════════════════════════════════════════════════════════════╝