Install Plan

Components to install
  1. claude-theme included
     Claude Code Gentleman custom theme
  2. context7 included
     Latest framework and library docs
  3. persona included
     Gentleman, neutral or custom behavior
  4. engram included
     Persistent cross-session memory
  5. gga included
     Gentleman Guardian Angel — AI provider switcher
  6. opencode-gentle-logo included
     OpenCode home logo TUI plugin with SelOps Operator badge
  7. permissions included
     Security-first defaults and guardrails
  8. skills included
     Curated coding skill library

▸ Continue
  Back

j/k: navigate • enter: select • esc: back